// Jest Snapshot v1, https://goo.gl/fbAQLP

exports[
  `<ToggleTheme /> should render input and toggle between theme when toggling input 1`
] = `
.c0 {
  position: fixed;
  top: 2rem;
  right: 2rem;
  z-index: 2;
}

.c1 {
  position: relative;
  display: inline-block;
  width: 5rem;
  height: 2.5rem;
  font-size: 0;
  line-height: 0;
  overflow: hidden;
  color: transparent;
}

.c5:checked + .c3 {
  background-color: #dc143c;
}

.c5:checked + .c3:before {
  background-color: #000000;
}

.c5:focus + .c3:before {
  box-shadow: 0 0 0.5rem #AAAAAA;
}

.c5:checked + .c3:before {
  -webkit-transform: translateX(calc(100% - 2px));
  -ms-transform: translateX(calc(100% - 2px));
  transform: translateX(calc(100% - 2px));
}

.c2 {
  -webkit-appearance: none;
  -moz-appearance: none;
  appearance: none;
  opacity: 0;
  width: 0;
  height: 0;
}

.c2:checked + .c3 {
  background-color: #dc143c;
}

.c2:checked + .c3:before {
  background-color: #FFFFFF;
}

.c2:focus + .c3:before {
  box-shadow: 0 0 0.5rem #CCCCCC;
}

.c2:checked + .c3:before {
  -webkit-transform: translateX(calc(100% - 2px));
  -ms-transform: translateX(calc(100% - 2px));
  transform: translateX(calc(100% - 2px));
}

.c4 {
  cursor: pointer;
  position: absolute;
  top: 0;
  left: 0;
  right: 0;
  bottom: 0;
  background-color: #F9F9F9;
  border-radius: 2rem;
  border: 1px solid #F9F9F9;
  -webkit-transition: all 300ms ease-in-out;
  transition: all 300ms ease-in-out;
  display: -webkit-box;
  display: -webkit-flex;
  display: -ms-flexbox;
  display: flex;
  -webkit-align-items: center;
  -webkit-box-align: center;
  -ms-flex-align: center;
  align-items: center;
}

.c4::before {
  content: '';
  position: absolute;
  left: 0.4rem;
  height: 2.1rem;
  width: 2.1rem;
  background-color: #000000;
  border-radius: 50%;
  -webkit-transition: all 300ms ease-in-out;
  transition: all 300ms ease-in-out;
}

<div
  class="c0"
>
  <label
    class="c1"
  >
    Toogle light and dark modes
    <input
      class="c2"
      type="checkbox"
    />
    <span
      class="c3 c4"
    />
  </label>
</div>
`;
