// Jest Snapshot v1, https://goo.gl/fbAQLP

exports[`<PostTags /> should match snapshot 1`] = `
.c0 {
  margin: 2.4rem 0;
}

.c0 span {
  margin: 0 0rem 0 0.5rem;
}

.c0 span::before {
  content: ' ';
}

.c0 span::after {
  content: ', ';
}

.c0 span:last-child::after {
  content: '';
}

.c0 a {
  -webkit-text-decoration: none;
  text-decoration: none;
  color: #dc143c;
  -webkit-transition: all 300ms ease-in-out;
  transition: all 300ms ease-in-out;
}

.c0 a:hover {
  -webkit-filter: brightness(70%);
  filter: brightness(70%);
}

<p
  class="c0"
>
  tags:
  <span>
    <a
      href="/tag/object-destructuring"
    >
      Object Destructuring
    </a>
  </span>
  <span>
    <a
      href="/tag/object-destructuring-2"
    >
      Object Destructuring 2
    </a>
  </span>
  <span>
    <a
      href="/tag/object-destructuring-3"
    >
      Object Destructuring 3
    </a>
  </span>
  <span>
    <a
      href="/tag/object-destructuring-4"
    >
      Object Destructuring 4
    </a>
  </span>
</p>
`;
